[2025-04-16 15:56:11 $61.0]	WARNING	Server::check_worker_exit_status(): worker(pid=64, id=0) abnormal exit, status=0, signal=9
[2025-04-16 15:56:11 *65.0]	NOTICE	ProcessFactory::finish() (ERRNO 1004): send 178 bytes failed, because session#9 is closed
[2025-04-16 15:56:42 #60.1]	NOTICE	ProcessFactory::finish() (ERRNO 1004): send 137 bytes failed, because session#7 is closed
[2025-04-16 15:56:42 $61.0]	WARNING	Server::check_worker_exit_status(): worker(pid=65, id=0) abnormal exit, status=0, signal=9
[2025-04-16 15:56:42 *66.0]	NOTICE	ProcessFactory::finish() (ERRNO 1004): send 737 bytes failed, because session#4 is closed
[2025-04-16 15:56:42 *66.0]	NOTICE	ProcessFactory::finish() (ERRNO 1004): send 405 bytes failed, because session#11 is closed
[2025-04-16 15:57:13 #60.1]	NOTICE	ProcessFactory::finish() (ERRNO 1004): send 137 bytes failed, because session#10 is closed
[2025-04-16 15:57:13 $61.0]	WARNING	Server::check_worker_exit_status(): worker(pid=66, id=0) abnormal exit, status=0, signal=9
[2025-04-16 15:57:15 *67.0]	NOTICE	ProcessFactory::finish() (ERRNO 1004): send 277 bytes failed, because session#12 is closed
[2025-04-16 15:57:46 #60.1]	NOTICE	ProcessFactory::finish() (ERRNO 1004): send 137 bytes failed, because session#13 is closed
[2025-04-16 15:57:46 $61.0]	WARNING	Server::check_worker_exit_status(): worker(pid=67, id=0) abnormal exit, status=0, signal=9
[2025-04-16 15:57:46 *68.0]	NOTICE	ProcessFactory::finish() (ERRNO 1004): send 178 bytes failed, because session#14 is closed
[2025-04-16 15:57:46 *68.0]	NOTICE	ProcessFactory::end() (ERRNO 1005): session[4] is closed
[2025-04-16 15:57:46 *68.0]	NOTICE	ProcessFactory::end() (ERRNO 1005): session[10] is closed
[2025-04-16 15:57:46 *68.0]	NOTICE	ProcessFactory::end() (ERRNO 1005): session[11] is closed
[2025-04-16 15:57:46 *68.0]	NOTICE	ProcessFactory::end() (ERRNO 1005): session[13] is closed
[2025-04-16 15:57:46 *68.0]	NOTICE	ProcessFactory::end() (ERRNO 1005): session[7] is closed
[2025-04-16 15:57:46 *68.0]	NOTICE	ProcessFactory::finish() (ERRNO 1004): send 178 bytes failed, because session#21 is closed
[2025-04-16 15:57:46 *68.0]	NOTICE	ProcessFactory::finish() (ERRNO 1004): send 178 bytes failed, because session#22 is closed
[2025-04-16 15:58:17 #60.1]	NOTICE	ProcessFactory::finish() (ERRNO 1004): send 137 bytes failed, because session#20 is closed
[2025-04-16 15:58:17 $61.0]	WARNING	Server::check_worker_exit_status(): worker(pid=68, id=0) abnormal exit, status=0, signal=9
[2025-04-16 15:58:17 *69.0]	NOTICE	ProcessFactory::finish() (ERRNO 1004): send 178 bytes failed, because session#23 is closed
[2025-04-16 15:58:17 *69.0]	NOTICE	ProcessFactory::end() (ERRNO 1005): session[20] is closed
[2025-04-16 15:58:48 $61.0]	WARNING	Server::check_worker_exit_status(): worker(pid=69, id=0) abnormal exit, status=0, signal=9
[2025-04-16 15:58:48 *70.0]	NOTICE	ProcessFactory::finish() (ERRNO 1004): send 178 bytes failed, because session#25 is closed
[2025-04-16 15:59:19 #60.1]	NOTICE	ProcessFactory::finish() (ERRNO 1004): send 137 bytes failed, because session#26 is closed
[2025-04-16 15:59:19 $61.0]	WARNING	Server::check_worker_exit_status(): worker(pid=70, id=0) abnormal exit, status=0, signal=9
[2025-04-16 15:59:19 *71.0]	NOTICE	ProcessFactory::finish() (ERRNO 1004): send 178 bytes failed, because session#27 is closed
[2025-04-16 15:59:19 *71.0]	NOTICE	ProcessFactory::end() (ERRNO 1005): session[26] is closed
[2025-04-16 15:59:50 #60.1]	NOTICE	ProcessFactory::finish() (ERRNO 1004): send 137 bytes failed, because session#28 is closed
[2025-04-16 15:59:50 $61.0]	WARNING	Server::check_worker_exit_status(): worker(pid=71, id=0) abnormal exit, status=0, signal=9
[2025-04-16 15:59:50 *72.0]	NOTICE	ProcessFactory::finish() (ERRNO 1004): send 178 bytes failed, because session#29 is closed
[2025-04-16 15:59:50 *72.0]	NOTICE	ProcessFactory::end() (ERRNO 1005): session[28] is closed
[2025-04-16 16:00:21 $61.0]	WARNING	Server::check_worker_exit_status(): worker(pid=72, id=0) abnormal exit, status=0, signal=9
[2025-04-16 16:00:21 *73.0]	NOTICE	ProcessFactory::finish() (ERRNO 1004): send 178 bytes failed, because session#31 is closed
[2025-04-16 16:00:52 $61.0]	WARNING	Server::check_worker_exit_status(): worker(pid=73, id=0) abnormal exit, status=0, signal=9
[2025-04-16 16:00:52 *74.0]	NOTICE	ProcessFactory::finish() (ERRNO 1004): send 178 bytes failed, because session#33 is closed
[2025-04-17 01:21:25 #201.0]	WARNING	Worker::report_error(): worker(pid=206, id=0) abnormal exit, status=0, signal=9
